# 4-print_square.txt

>>> print_square = __import__('4-print_square').print_square

#
# test 1
>>> print_square(10)
##########
##########
##########
##########
##########
##########
##########
##########
##########
##########

#
# test 2
>>> print_square(2)
##
##

#
# test 3
>>> print_square(0)

#
# test 4
>>> print_square("square")
Traceback (most recent call last):
TypeError: size must be an integer

#
# test 5
>>> print_square(1.2)
Traceback (most recent call last):
TypeError: size must be an integer

#
# test 6
>>> print_square(-1)
Traceback (most recent call last):
ValueError: size must be >= 0

